n/negativa531.jpg
n/negativa530.jpg
n/negativa529.jpg
n/negativa528.jpg
n/negativa527.jpg
n/negativa526.jpg
n/negativa525.jpg
n/negativa524.jpg
n/negativa523.jpg
n/negativa522.jpg
n/negativa521.jpg
n/negativa520.jpg
n/negativa519.jpg
n/negativa518.jpg
n/negativa517.jpg
n/negativa516.jpg
n/negativa515.jpg
n/negativa514.jpg
n/negativa513.jpg
n/negativa512.jpg
n/negativa511.jpg
n/negativa510.jpg
n/negativa509.jpg
n/negativa508.jpg
n/negativa507.jpg
n/negativa506.jpg
n/negativa505.jpg
n/negativa504.jpg
n/negativa503.jpg
n/negativa502.jpg
n/negativa501.jpg
n/negativa500.jpg
n/negativa499.jpg
n/negativa498.jpg
n/negativa497.jpg
n/negativa496.jpg
n/negativa495.jpg
n/negativa494.jpg
n/negativa493.jpg
n/negativa492.jpg
n/negativa491.jpg
n/negativa490.jpg
n/negativa489.jpg
n/negativa488.jpg
n/negativa487.jpg
n/negativa486.jpg
n/negativa485.jpg
n/negativa484.jpg
n/negativa483.jpg
n/negativa482.jpg
n/negativa481.jpg
n/negativa480.jpg
n/negativa479.jpg
n/negativa478.jpg
n/negativa477.jpg
n/negativa476.jpg
n/negativa475.jpg
n/negativa474.jpg
n/negativa473.jpg
n/negativa472.jpg
n/negativa471.jpg
n/negativa470.jpg
n/negativa469.jpg
n/negativa468.jpg
n/negativa467.jpg
n/negativa466.jpg
n/negativa465.jpg
n/negativa464.jpg
n/negativa463.jpg
n/negativa462.jpg
n/negativa461.jpg
n/negativa460.jpg
n/negativa459.jpg
n/negativa458.jpg
n/negativa457.jpg
n/negativa456.jpg
n/negativa455.jpg
n/negativa454.jpg
n/negativa453.jpg
n/negativa452.jpg
n/negativa451.jpg
n/negativa450.jpg
n/negativa449.jpg
n/negativa448.jpg
n/negativa447.jpg
n/negativa446.jpg
n/negativa445.jpg
n/negativa444.jpg
n/negativa443.jpg
n/negativa442.jpg
n/negativa441.jpg
n/negativa440.jpg
n/negativa439.jpg
n/negativa438.jpg
n/negativa437.jpg
n/negativa436.jpg
n/negativa435.jpg
n/negativa434.jpg
n/negativa433.jpg
n/negativa432.jpg
n/negativa431.jpg
n/negativa430.jpg
n/negativa429.jpg
n/negativa428.jpg
n/negativa427.jpg
n/negativa426.jpg
n/negativa425.jpg
n/negativa424.jpg
n/negativa423.jpg
n/negativa422.jpg
n/negativa421.jpg
n/negativa420.jpg
n/negativa419.jpg
n/negativa418.jpg
n/negativa417.jpg
n/negativa416.jpg
n/negativa415.jpg
n/negativa414.jpg
n/negativa413.jpg
n/negativa412.jpg
n/negativa411.jpg
n/negativa410.jpg
n/negativa409.jpg
n/negativa408.jpg
n/negativa407.jpg
n/negativa406.jpg
n/negativa405.jpg
n/negativa404.jpg
n/negativa403.jpg
n/negativa402.jpg
n/negativa401.jpg
n/negativa400.jpg
n/negativa399.jpg
n/negativa398.jpg
n/negativa397.jpg
n/negativa396.jpg
n/negativa395.jpg
n/negativa394.jpg
n/negativa393.jpg
n/negativa392.jpg
n/negativa391.jpg
n/negativa390.jpg
n/negativa389.jpg
n/negativa388.jpg
n/negativa387.jpg
n/negativa386.jpg
n/negativa385.jpg
n/negativa384.jpg
n/negativa383.jpg
n/negativa382.jpg
n/negativa381.jpg
n/negativa380.jpg
n/negativa379.jpg
n/negativa378.jpg
n/negativa377.jpg
n/negativa376.jpg
n/negativa375.jpg
n/negativa374.jpg
n/negativa373.jpg
n/negativa372.jpg
n/negativa371.jpg
n/negativa370.jpg
n/negativa369.jpg
n/negativa368.jpg
n/negativa367.jpg
n/negativa366.jpg
n/negativa365.jpg
n/negativa364.jpg
n/negativa363.jpg
n/negativa362.jpg
n/negativa361.jpg
n/negativa360.jpg
n/negativa359.jpg
n/negativa358.jpg
n/negativa357.jpg
n/negativa356.jpg
n/negativa355.jpg
n/negativa354.jpg
n/negativa353.jpg
n/negativa352.jpg
n/negativa351.jpg
n/negativa350.jpg
n/negativa349.jpg
n/negativa348.jpg
n/negativa347.jpg
n/negativa346.jpg
n/negativa345.jpg
n/negativa344.jpg
n/negativa343.jpg
n/negativa342.jpg
n/negativa341.jpg
n/negativa340.jpg
n/negativa339.jpg
n/negativa338.jpg
n/negativa337.jpg
n/negativa336.jpg
n/negativa335.jpg
n/negativa334.jpg
n/negativa333.jpg
n/negativa332.jpg
n/negativa331.jpg
n/negativa330.jpg
n/negativa329.jpg
n/negativa328.jpg
n/negativa327.jpg
n/negativa326.jpg
n/negativa325.jpg
n/negativa324.jpg
n/negativa323.jpg
n/negativa322.jpg
n/negativa321.jpg
n/negativa320.jpg
n/negativa319.jpg
n/negativa318.jpg
n/negativa317.jpg
n/negativa316.jpg
n/negativa315.jpg
n/negativa314.jpg
n/negativa313.jpg
n/negativa312.jpg
n/negativa311.jpg
n/negativa310.jpg
n/negativa309.jpg
n/negativa308.jpg
n/negativa307.jpg
n/negativa306.jpg
n/negativa305.jpg
n/negativa304.jpg
n/negativa303.jpg
n/negativa302.jpg
n/negativa301.jpg
n/negativa300.jpg
n/negativa299.jpg
n/negativa298.jpg
n/negativa297.jpg
n/negativa296.jpg
n/negativa295.jpg
n/negativa294.jpg
n/negativa293.jpg
n/negativa292.jpg
n/negativa291.jpg
n/negativa290.jpg
n/negativa289.jpg
n/negativa288.jpg
n/negativa287.jpg
n/negativa286.jpg
n/negativa285.jpg
n/negativa284.jpg
n/negativa283.jpg
n/negativa282.jpg
n/negativa281.jpg
n/negativa280.jpg
n/negativa279.jpg
n/negativa278.jpg
n/negativa277.jpg
n/negativa276.jpg
n/negativa275.jpg
n/negativa274.jpg
n/negativa273.jpg
n/negativa272.jpg
n/negativa271.jpg
n/negativa270.jpg
n/negativa269.jpg
n/negativa268.jpg
n/negativa267.jpg
n/negativa266.jpg
n/negativa265.jpg
n/negativa264.jpg
n/negativa263.jpg
n/negativa262.jpg
n/negativa261.jpg
n/negativa260.jpg
n/negativa259.jpg
n/negativa258.jpg
n/negativa257.jpg
n/negativa256.jpg
n/negativa255.jpg
n/negativa254.jpg
n/negativa253.jpg
n/negativa252.jpg
n/negativa251.jpg
n/negativa250.jpg
n/negativa249.jpg
n/negativa248.jpg
n/negativa247.jpg
n/negativa246.jpg
n/negativa245.jpg
n/negativa244.jpg
n/negativa243.jpg
n/negativa242.jpg
n/negativa241.jpg
n/negativa240.jpg
n/negativa239.jpg
n/negativa238.jpg
n/negativa237.jpg
n/negativa236.jpg
n/negativa235.jpg
n/negativa234.jpg
n/negativa233.jpg
n/negativa232.jpg
n/negativa231.jpg
n/negativa230.jpg
n/negativa229.jpg
n/negativa228.jpg
n/negativa227.jpg
n/negativa226.jpg
n/negativa225.jpg
n/negativa224.jpg
n/negativa223.jpg
n/negativa222.jpg
n/negativa221.jpg
n/negativa220.jpg
n/negativa219.jpg
n/negativa218.jpg
n/negativa217.jpg
n/negativa216.jpg
n/negativa215.jpg
n/negativa214.jpg
n/negativa213.jpg
n/negativa212.jpg
n/negativa211.jpg
n/negativa210.jpg
n/negativa209.jpg
n/negativa208.jpg
n/negativa207.jpg
n/negativa206.jpg
n/negativa205.jpg
n/negativa204.jpg
n/negativa203.jpg
n/negativa202.jpg
n/negativa201.jpg
n/negativa200.jpg
n/negativa199.jpg
n/negativa198.jpg
n/negativa197.jpg
n/negativa196.jpg
n/negativa195.jpg
n/negativa194.jpg
n/negativa193.jpg
n/negativa192.jpg
n/negativa191.jpg
n/negativa190.jpg
n/negativa189.jpg
n/negativa188.jpg
n/negativa187.jpg
n/negativa186.jpg
n/negativa185.jpg
n/negativa184.jpg
n/negativa183.jpg
n/negativa182.jpg
n/negativa181.jpg
n/negativa180.jpg
n/negativa179.jpg
n/negativa178.jpg
n/negativa177.jpg
n/negativa176.jpg
n/negativa175.jpg
n/negativa174.jpg
n/negativa173.jpg
n/negativa172.jpg
n/negativa171.jpg
n/negativa170.jpg
n/negativa169.jpg
n/negativa168.jpg
n/negativa167.jpg
n/negativa166.jpg
n/negativa165.jpg
n/negativa164.jpg
n/negativa163.jpg
n/negativa162.jpg
n/negativa161.jpg
n/negativa160.jpg
n/negativa159.jpg
n/negativa158.jpg
n/negativa157.jpg
n/negativa156.jpg
n/negativa155.jpg
n/negativa154.jpg
n/negativa153.jpg
n/negativa152.jpg
n/negativa151.jpg
n/negativa150.jpg
n/negativa149.jpg
n/negativa148.jpg
n/negativa147.jpg
n/negativa146.jpg
n/negativa145.jpg
n/negativa144.jpg
n/negativa143.jpg
n/negativa142.jpg
n/negativa141.jpg
n/negativa140.jpg
n/negativa139.jpg
n/negativa138.jpg
n/negativa137.jpg
n/negativa136.jpg
n/negativa135.jpg
n/negativa134.jpg
n/negativa133.jpg
n/negativa132.jpg
n/negativa131.jpg
n/negativa130.jpg
n/negativa129.jpg
n/negativa128.jpg
n/negativa127.jpg
n/negativa126.jpg
n/negativa125.jpg
n/negativa124.jpg
n/negativa123.jpg
n/negativa122.jpg
n/negativa121.jpg
n/negativa120.jpg
n/negativa119.jpg
n/negativa118.jpg
n/negativa117.jpg
n/negativa116.jpg
n/negativa115.jpg
n/negativa114.jpg
n/negativa113.jpg
n/negativa112.jpg
n/negativa111.jpg
n/negativa110.jpg
n/negativa109.jpg
n/negativa108.jpg
n/negativa107.jpg
n/negativa106.jpg
n/negativa105.jpg
n/negativa104.jpg
n/negativa103.jpg
n/negativa102.jpg
n/negativa101.jpg
n/negativa100.jpg
n/negativa99.jpg
n/negativa98.jpg
n/negativa97.jpg
n/negativa96.jpg
n/negativa95.jpg
n/negativa94.jpg
n/negativa93.jpg
n/negativa92.jpg
n/negativa91.jpg
n/negativa90.jpg
n/negativa89.jpg
n/negativa88.jpg
n/negativa87.jpg
n/negativa86.jpg
n/negativa85.jpg
n/negativa84.jpg
n/negativa83.jpg
n/negativa82.jpg
n/negativa81.jpg
n/negativa80.jpg
n/negativa79.jpg
n/negativa78.jpg
n/negativa77.jpg
n/negativa76.jpg
n/negativa75.jpg
n/negativa74.jpg
n/negativa73.jpg
n/negativa72.jpg
n/negativa71.jpg
n/negativa70.jpg
n/negativa69.jpg
n/negativa68.jpg
n/negativa67.jpg
n/negativa66.jpg
n/negativa65.jpg
n/negativa64.jpg
n/negativa63.jpg
n/negativa62.jpg
n/negativa61.jpg
n/negativa60.jpg
n/negativa59.jpg
n/negativa58.jpg
n/negativa57.jpg
n/negativa56.jpg
n/negativa55.jpg
n/negativa54.jpg
n/negativa53.jpg
n/negativa52.jpg
n/negativa51.jpg
n/negativa50.jpg
n/negativa49.jpg
n/negativa48.jpg
n/negativa47.jpg
n/negativa46.jpg
n/negativa45.jpg
n/negativa44.jpg
n/negativa43.jpg
n/negativa42.jpg
n/negativa41.jpg
n/negativa40.jpg
n/negativa39.jpg
n/negativa38.jpg
n/negativa37.jpg
n/negativa36.jpg
n/negativa35.jpg
n/negativa34.jpg
n/negativa33.jpg
n/negativa32.jpg
n/negativa31.jpg
n/negativa30.jpg
n/negativa29.jpg
n/negativa28.jpg
n/negativa27.jpg
n/negativa26.jpg
n/negativa25.jpg
n/negativa24.jpg
n/negativa23.jpg
n/negativa22.jpg
n/negativa21.jpg
n/negativa20.jpg
n/negativa19.jpg
n/negativa18.jpg
n/negativa17.jpg
n/negativa16.jpg
n/negativa15.jpg
n/negativa14.jpg
n/negativa13.jpg
n/negativa12.jpg
n/negativa11.jpg
n/negativa10.jpg
n/negativa9.jpg
n/negativa8.jpg
n/negativa7.jpg
n/negativa6.jpg
n/negativa5.jpg
n/negativa4.jpg
n/negativa3.jpg
n/negativa2.jpg
n/negativa1.jpg